defconst                   bare   err  "undefined: ZK — not defined anywhere in this compilation unit"
defconst                   nope/  err  "undefined: nope/ZK — 'nope' is not in scope in this file"
defconst                   zn/    err  "undefined: zn/ZK — 'zn' is not in scope in this file"
defconst                   zx/    ok   ""
defenum-member             bare   err  "undefined: ZE-B (did you mean 'zx/ZE-B'?)"
defenum-member             nope/  err  "undefined: nope/ZE-B — 'nope' is not in scope in this file"
defenum-member             zn/    err  "undefined: zn/ZE-B — 'zn' is not in scope in this file"
defenum-member             zx/    ok   ""
defvar                     bare   err  "undefined: zg — not defined anywhere in this compilation unit"
defvar                     nope/  err  "undefined: nope/zg — 'nope' is not in scope in this file"
defvar                     zn/    err  "undefined: zn/zg — 'zn' is not in scope in this file"
defvar                     zx/    ok   ""
import-only-unlisted-fn    bare   ok   ""
import-only-unlisted-type  bare   ok   ""
overloaded-fn              bare   ok   ""
overloaded-fn              nope/  err  "unknown: nope/zov — 'nope' is not in scope in this file"
overloaded-fn              zn/    err  "unknown: zn/zov — 'zn' is not in scope in this file"
overloaded-fn              zx/    err  "unknown: zx/zov — not defined anywhere in this compilation unit"
plain-fn                   bare   err  "unknown: zfun (did you mean 'zx/zfun'?)"
plain-fn                   nope/  err  "unknown: nope/zfun — 'nope' is not in scope in this file"
plain-fn                   zn/    err  "unknown: zn/zfun — 'zn' is not in scope in this file"
plain-fn                   zx/    ok   ""
protocol-dyn-annot         bare   ok   ""
protocol-dyn-annot         nope/  ok   ""
protocol-dyn-annot         zn/    ok   ""
protocol-dyn-annot         zx/    ok   ""
protocol-dyn-box           bare   err  "(dyn Zp): 'Zp' is not a declared protocol"
protocol-dyn-box           nope/  err  "(dyn nope/Zp): 'nope/Zp' is not a declared protocol"
protocol-dyn-box           zn/    err  "(dyn zn/Zp): 'zn/Zp' is not a declared protocol"
protocol-dyn-box           zx/    ok   ""
protocol-extend            bare   err  "extend: unknown protocol 'Zp'"
protocol-extend            nope/  err  "extend: unknown protocol 'nope/Zp'"
protocol-extend            zn/    err  "extend: unknown protocol 'zn/Zp'"
protocol-extend            zx/    ok   ""
struct-ctor                bare   err  "unknown: Zs — defined in namespace 'zn'"
struct-ctor                nope/  err  "unknown: nope/Zs — 'nope' is not in scope in this file"
struct-ctor                zn/    err  "unknown: zn/Zs — 'zn' is not in scope in this file"
struct-ctor                zx/    ok   ""
type-annot                 bare   err  "unknown type: Zs — defined in namespace 'zn'"
type-annot                 nope/  err  "unknown type: nope/Zs — 'nope' is not in scope in this file"
type-annot                 zn/    err  "unknown type: zn/Zs — 'zn' is not in scope in this file"
type-annot                 zx/    ok   ""
xfile-prefix-leak          zx/    err  "unknown: zx/zfun — 'zx' is not in scope in this file"
